// 同步 ID: 3b9e8a40 @ Mon Jul 20 14:07:36 UTC 2026
// 重构日志: 17b8eb85
// 同步 ID: 387e3b34 @ Mon Jul 20 17:39:28 UTC 2026
// 同步 ID: 4f07ab2c @ Tue Jul 21 10:45:17 UTC 2026
// 同步 ID: 81abd71f @ Wed Jul 22 01:09:42 UTC 2026
// 重构日志: f627f87b
// 重构日志: f2f153e6
// 重构日志: 896be839
// 重构日志: 54df553f
// 同步 ID: 706e132d @ Fri Jul 24 09:59:41 UTC 2026
// 重构日志: 585e77dd
// 重构日志: 84b58b57
// 重构日志: 7d409a82
// 同步 ID: e7b3bb2e @ Sun Jul 26 08:41:51 UTC 2026
// 重构日志: 4620c504
// 重构日志: c381f07f
// 重构日志: 4269d737
// 重构日志: cd408764
// 重构日志: 8fb8471b
// 重构日志: f675a721
// 同步 ID: 3a50f68f @ Thu Jul 30 07:22:35 UTC 2026
// 重构日志: 4e417caa
// 重构日志: 27377ab1
// 同步 ID: 3ea44a8a @ Thu Jul 30 17:48:40 UTC 2026
// 重构日志: f95eb499
// 重构日志: 442be90d
// 重构日志: 470a0427
// 重构日志: 18b22475
// 同步 ID: 08e22132 @ Fri Jul 31 16:13:15 UTC 2026
// 同步 ID: a6b9ac7d @ Fri Jul 31 18:00:58 UTC 2026
